test1
test2
["test3","test3","test3","test3","test3"]
test4
test5
30
70
(50,60)
test9-true
[1,2,3,4,5,6,7,8,9,10]
